PASS tests/test_experiment_consistency_r4 :: All tests passed (271 assertions in 10 test cases)
PASS tests/test_experiment_benchmark_r4 :: All tests passed (11 assertions in 3 test cases)
PASS tests/test_experiment_parity_r4 :: All tests passed (1138 assertions in 5 test cases)
PASS tests/test_experiment_txn_r4 :: All tests passed (42 assertions in 3 test cases)
PASS tests/test_experiment_bridge_r4 :: All tests passed (16 assertions in 3 test cases)
PASS test_experiment_studio_core :: All tests passed (77 assertions in 18 test cases)
PASS tests/test_experiment_studio_dock :: All tests passed (53 assertions in 4 test cases)
PASS tests/test_experiment_debugger :: All tests passed (529 assertions in 61 test cases)
PASS tests/test_experiment_evaluation :: All tests passed (488 assertions in 31 test cases)
PASS tests/test_experiment_capsule :: All tests passed (261 assertions in 55 test cases)
PASS test_study_analysis :: All tests passed (1374 assertions in 10 test cases)
PASS test_study_spec :: All tests passed (63 assertions in 9 test cases)
PASS test_study_sampling :: All tests passed (166 assertions in 10 test cases)
PASS test_study_runner :: All tests passed (133 assertions in 13 test cases)
PASS test_study_spatial :: All tests passed (69 assertions in 7 test cases)
PASS test_study_export :: All tests passed (3931 assertions in 9 test cases)
PASS test_study_exemplars :: All tests passed (168 assertions in 4 test cases)
PASS tests/test_study_e2e :: All tests passed (168 assertions in 1 test case)
PASS tests/test_studio_live_e2e :: All tests passed (115 assertions in 2 test cases)
PASS test_scientific_state_core :: All tests passed (76 assertions in 12 test cases)
PASS test_scientific_state_diff :: All tests passed (41 assertions in 12 test cases)
PASS test_scientific_state_fixtures :: All tests passed (102 assertions in 9 test cases)
PASS test_scientific_state_gdal :: All tests passed (76 assertions in 5 test cases)
PASS test_scientific_state_geo :: All tests passed (171 assertions in 37 test cases)
PASS test_scientific_state_provenance :: All tests passed (71 assertions in 15 test cases)
PASS test_scientific_state_resolver :: All tests passed (78 assertions in 18 test cases)
PASS test_scientific_state_review :: All tests passed (39 assertions in 10 test cases)
PASS test_scientific_state_teaching :: All tests passed (31 assertions in 8 test cases)
PASS tests/test_scientific_state_catalog :: All tests passed (42 assertions in 3 test cases)
FULL_SWEEP_OK
